[aliases] 239233 clusters, 979063 records to load
[aliases] 302033 candidate pairs from 239233 clusters
[aliases] bootstrap adds 156 new variants to 1708 from work/aliases_full.tsv
  NEW                     'av' -> 'avenue'             (count 21657, score 8.4)
  NEW                    'pas' -> 'calais'             (count 14094, score 16.4)
  NEW                    'all' -> 'allee'              (count 11388, score 21.5)
  NEW                     'bd' -> 'boulevard'          (count 6260, score 27.7)
  NEW                    'imp' -> 'impasse'            (count 5270, score 50.1)
  NEW                    'rte' -> 'route'              (count 4679, score 57.7)
  NEW                     'ch' -> 'chemin'             (count 3452, score 69.0)
  NEW                    'crs' -> 'cours'              (count 2224, score 116.6)
  NEW                    'frs' -> 'freres'             (count 1555, score 486.3)
  NEW                     'cb' -> 'club'               (count 922, score 143.3)
  NEW                    'res' -> 'residence'          (count 474, score 87.3)
  NEW                    'psg' -> 'passage'            (count 401, score 320.4)
  NEW                   'pass' -> 'passage'            (count 364, score 322.0)
  NEW                    'cub' -> 'club'               (count 312, score 158.5)
  NEW                   'alee' -> 'allee'              (count 271, score 21.5)
  NEW                    'svc' -> 'service'            (count 270, score 1795.3)
  NEW                     'fs' -> 'fils'               (count 258, score 229.1)
  NEW                    'jan' -> 'jean'               (count 240, score 41.0)
  NEW                    'app' -> 'appartement'        (count 233, score 223.8)
  NEW                   'svcs' -> 'services'           (count 225, score 2880.3)
  NEW                    'jen' -> 'jean'               (count 214, score 39.3)
  NEW                    'clb' -> 'club'               (count 202, score 154.9)
  NEW                   'jaen' -> 'jean'               (count 195, score 30.6)
  NEW                   'jena' -> 'jean'               (count 187, score 30.0)
  NEW                     'cu' -> 'club'               (count 153, score 77.2)
[aliases] wrote 1864 aliases (163 mined here) -> work/aliases_fr.tsv

[aliases] sample:
                       'लिमिटेड' -> 'limited'            (count 167077, score 67.6)
                      'प्राइवेट' -> 'private'            (count 141801, score 81.5)
                            'st' -> 'street'             (count 82912, score 6.8)
                            'rd' -> 'road'               (count 80563, score 4.8)
                            'dr' -> 'drive'              (count 74291, score 8.1)
                           'ave' -> 'avenue'             (count 60560, score 11.6)
                            'mh' -> 'maharashtra'        (count 43772, score 11.5)
                            'ln' -> 'lane'               (count 31272, score 20.1)
                          'york' -> 'ny'                 (count 31240, score 21.3)
                          'प्रा' -> 'pvt'                (count 31108, score 288.8)
                            'लि' -> 'ltd'                (count 31108, score 226.4)
                    'महाराष्ट्र' -> 'maharashtra'        (count 29695, score 11.5)
                            'dl' -> 'delhi'              (count 27953, score 18.0)
                          'ohio' -> 'oh'                 (count 25630, score 26.0)
                      'లిమిటెడ్' -> 'limited'            (count 24644, score 48.7)
                      'ಲಿಮಿಟೆಡ್' -> 'limited'            (count 23021, score 48.6)
                      'லிமிடெட்' -> 'limited'            (count 22120, score 49.2)
                            'av' -> 'avenue'             (count 21657, score 8.4)
                     'ప్రైవేట్' -> 'private'            (count 21064, score 55.8)
                       'લિમિટેડ' -> 'limited'            (count 19824, score 67.7)
                       'লিমিটেড' -> 'limited'            (count 19602, score 48.0)
                    'ಪ್ರೈವೇಟ್' -> 'private'            (count 19313, score 55.2)
                      'பிரைவேட்' -> 'private'            (count 18852, score 56.4)
                        'दिल्ली' -> 'delhi'              (count 18584, score 18.0)
                            'ct' -> 'court'              (count 18521, score 36.1)
