[stage2] texts loaded (34s)
[stage2] pairs_test.part000.npz: 174731 pairs (63s)
[stage2] pairs_test.part001.npz: 174041 pairs (90s)
[stage2] pairs_test.part002.npz: 174934 pairs (119s)
[stage2] pairs_test.part003.npz: 175197 pairs (155s)
[stage2] pairs_test.part004.npz: 174769 pairs (183s)
[stage2] pairs_test.part005.npz: 174413 pairs (211s)
[stage2] pairs_test.part006.npz: 174634 pairs (241s)
[stage2] pairs_test.part007.npz: 174455 pairs (269s)
[stage2] pairs_test.part008.npz: 173755 pairs (299s)
[stage2] pairs_test.part009.npz: 167592 pairs (333s)
[stage2] pairs_test.part010.npz: 168004 pairs (366s)
[stage2] pairs_test.part011.npz: 167958 pairs (400s)
[stage2] pairs_test.part012.npz: 167151 pairs (434s)
[stage2] pairs_test.part013.npz: 167729 pairs (470s)
[stage2] pairs_test.part014.npz: 167594 pairs (506s)
[stage2] pairs_test.part015.npz: 167079 pairs (541s)
[stage2] pairs_test.part016.npz: 166536 pairs (577s)
[stage2] pairs_test.part017.npz: 168218 pairs (612s)
[stage2] pairs_test.part018.npz: 167844 pairs (647s)
[stage2] pairs_test.part019.npz: 166911 pairs (683s)
[stage2] pairs_test.part020.npz: 167722 pairs (720s)
[stage2] pairs_test.part021.npz: 167651 pairs (755s)
[stage2] pairs_test.part022.npz: 167109 pairs (790s)
[stage2] pairs_test.part023.npz: 167313 pairs (825s)
[stage2] pairs_test.part024.npz: 167153 pairs (861s)
[stage2] pairs_test.part025.npz: 167465 pairs (896s)
[stage2] pairs_test.part026.npz: 167776 pairs (931s)
[stage2] pairs_test.part027.npz: 166905 pairs (966s)
[stage2] pairs_test.part028.npz: 167054 pairs (1002s)
[stage2] pairs_test.part029.npz: 167586 pairs (1039s)
[stage2] pairs_test.part030.npz: 167487 pairs (1074s)
[stage2] pairs_test.part031.npz: 167788 pairs (1109s)
[stage2] pairs_test.part032.npz: 167637 pairs (1144s)
[stage2] pairs_test.part033.npz: 167550 pairs (1179s)
[stage2] pairs_test.part034.npz: 167523 pairs (1214s)
[stage2] pairs_test.part035.npz: 167349 pairs (1249s)
[stage2] pairs_test.part036.npz: 167459 pairs (1282s)
[stage2] pairs_test.part037.npz: 176185 pairs (1309s)
[stage2] pairs_test.part038.npz: 175709 pairs (1334s)
[stage2] pairs_test.part039.npz: 176014 pairs (1361s)
[stage2] pairs_test.part040.npz: 176116 pairs (1387s)
[stage2] pairs_test.part041.npz: 176013 pairs (1414s)
[stage2] pairs_test.part042.npz: 175671 pairs (1440s)
[stage2] pairs_test.part043.npz: 175856 pairs (1466s)
[stage2] pairs_test.part044.npz: 175579 pairs (1493s)
[stage2] pairs_test.part045.npz: 175999 pairs (1519s)
[stage2] pairs_test.part046.npz: 175814 pairs (1545s)
[stage2] pairs_test.part047.npz: 176232 pairs (1571s)
[stage2] pairs_test.part048.npz: 176073 pairs (1599s)
[stage2] pairs_test.part049.npz: 176041 pairs (1626s)
[stage2] pairs_test.part050.npz: 176421 pairs (1653s)
[stage2] pairs_test.part051.npz: 175532 pairs (1679s)
[stage2] pairs_test.part052.npz: 176217 pairs (1705s)
[stage2] pairs_test.part053.npz: 175995 pairs (1732s)
[stage2] pairs_test.part054.npz: 176853 pairs (1759s)
[stage2] pairs_test.part055.npz: 176802 pairs (1790s)
[stage2] pairs_test.part056.npz: 175597 pairs (1819s)
[stage2] pairs_test.part057.npz: 176173 pairs (1847s)
[stage2] pairs_test.part058.npz: 164308 pairs (1871s)
[stage2] France: threshold 0.725, lambda 0.0 (UNSEEN -> conservative)
[stage2] India: threshold 0.575, lambda 0.0 (learned)
[stage2] US: threshold 0.725, lambda 0.2 (learned)
[stage2] method threshold: 5732229 links, 107248 empty -> work/stageC/matching_results.tsv (1898s)
[stage2] candidate set -> work/stageC/candidate_pairs.tsv
