[stage2] texts loaded (67s)
[stage2] pairs_test.part000.npz: 174731 pairs (102s)
[stage2] pairs_test.part001.npz: 174041 pairs (133s)
[stage2] pairs_test.part002.npz: 174934 pairs (166s)
[stage2] pairs_test.part003.npz: 175197 pairs (200s)
[stage2] pairs_test.part004.npz: 174769 pairs (232s)
[stage2] pairs_test.part005.npz: 174413 pairs (264s)
[stage2] pairs_test.part006.npz: 174634 pairs (293s)
[stage2] pairs_test.part007.npz: 174455 pairs (324s)
[stage2] pairs_test.part008.npz: 173755 pairs (356s)
[stage2] pairs_test.part009.npz: 167592 pairs (392s)
[stage2] pairs_test.part010.npz: 168004 pairs (428s)
[stage2] pairs_test.part011.npz: 167958 pairs (458s)
[stage2] pairs_test.part012.npz: 167151 pairs (485s)
[stage2] pairs_test.part013.npz: 167729 pairs (516s)
[stage2] pairs_test.part014.npz: 167594 pairs (546s)
[stage2] pairs_test.part015.npz: 167079 pairs (576s)
[stage2] pairs_test.part016.npz: 166536 pairs (605s)
[stage2] pairs_test.part017.npz: 168218 pairs (635s)
[stage2] pairs_test.part018.npz: 167844 pairs (665s)
[stage2] pairs_test.part019.npz: 166911 pairs (694s)
[stage2] pairs_test.part020.npz: 167722 pairs (725s)
[stage2] pairs_test.part021.npz: 167651 pairs (754s)
[stage2] pairs_test.part022.npz: 167109 pairs (780s)
[stage2] pairs_test.part023.npz: 167313 pairs (810s)
[stage2] pairs_test.part024.npz: 167153 pairs (842s)
[stage2] pairs_test.part025.npz: 167465 pairs (873s)
[stage2] pairs_test.part026.npz: 167776 pairs (901s)
[stage2] pairs_test.part027.npz: 166905 pairs (931s)
[stage2] pairs_test.part028.npz: 167054 pairs (961s)
[stage2] pairs_test.part029.npz: 167586 pairs (990s)
[stage2] pairs_test.part030.npz: 167487 pairs (1019s)
[stage2] pairs_test.part031.npz: 167788 pairs (1049s)
[stage2] pairs_test.part032.npz: 167637 pairs (1078s)
[stage2] pairs_test.part033.npz: 167550 pairs (1107s)
[stage2] pairs_test.part034.npz: 167523 pairs (1136s)
[stage2] pairs_test.part035.npz: 167349 pairs (1166s)
[stage2] pairs_test.part036.npz: 167459 pairs (1195s)
[stage2] pairs_test.part037.npz: 176185 pairs (1212s)
[stage2] pairs_test.part038.npz: 175709 pairs (1234s)
[stage2] pairs_test.part039.npz: 176014 pairs (1254s)
[stage2] pairs_test.part040.npz: 176116 pairs (1280s)
[stage2] pairs_test.part041.npz: 176013 pairs (1300s)
[stage2] pairs_test.part042.npz: 175671 pairs (1325s)
[stage2] pairs_test.part043.npz: 175856 pairs (1350s)
[stage2] pairs_test.part044.npz: 175579 pairs (1371s)
[stage2] pairs_test.part045.npz: 175999 pairs (1429s)
[stage2] pairs_test.part046.npz: 175814 pairs (1454s)
[stage2] pairs_test.part047.npz: 176232 pairs (1481s)
[stage2] pairs_test.part048.npz: 176073 pairs (1502s)
[stage2] pairs_test.part049.npz: 176041 pairs (1540s)
[stage2] pairs_test.part050.npz: 176421 pairs (1582s)
[stage2] pairs_test.part051.npz: 175532 pairs (1618s)
[stage2] pairs_test.part052.npz: 176217 pairs (1655s)
[stage2] pairs_test.part053.npz: 175995 pairs (1673s)
[stage2] pairs_test.part054.npz: 176853 pairs (1689s)
[stage2] pairs_test.part055.npz: 176802 pairs (1704s)
[stage2] pairs_test.part056.npz: 175597 pairs (1719s)
[stage2] pairs_test.part057.npz: 176173 pairs (1734s)
[stage2] pairs_test.part058.npz: 164308 pairs (1748s)
[stage2] France: threshold 0.825, lambda 0.35 (UNSEEN -> conservative)
[stage2] India: threshold 0.725, lambda 0.35 (learned)
[stage2] US: threshold 0.825, lambda 0.35 (learned)
[stage2] method threshold: 5731258 links, 108152 empty -> work/stage2A/matching_results.tsv (1776s)
[stage2] candidate set -> work/stage2A/candidate_pairs.tsv
