[stage2] texts loaded (26s)
[stage2] pairs_test.part000.npz: 174731 pairs (43s)
[stage2] pairs_test.part001.npz: 174041 pairs (60s)
[stage2] pairs_test.part002.npz: 174934 pairs (77s)
[stage2] pairs_test.part003.npz: 175197 pairs (94s)
[stage2] pairs_test.part004.npz: 174769 pairs (112s)
[stage2] pairs_test.part005.npz: 174413 pairs (129s)
[stage2] pairs_test.part006.npz: 174634 pairs (146s)
[stage2] pairs_test.part007.npz: 174455 pairs (163s)
[stage2] pairs_test.part008.npz: 173755 pairs (180s)
[stage2] pairs_test.part009.npz: 167592 pairs (200s)
[stage2] pairs_test.part010.npz: 168004 pairs (219s)
[stage2] pairs_test.part011.npz: 167958 pairs (238s)
[stage2] pairs_test.part012.npz: 167151 pairs (258s)
[stage2] pairs_test.part013.npz: 167729 pairs (277s)
[stage2] pairs_test.part014.npz: 167594 pairs (297s)
[stage2] pairs_test.part015.npz: 167079 pairs (316s)
[stage2] pairs_test.part016.npz: 166536 pairs (335s)
[stage2] pairs_test.part017.npz: 168218 pairs (355s)
[stage2] pairs_test.part018.npz: 167844 pairs (374s)
[stage2] pairs_test.part019.npz: 166911 pairs (393s)
[stage2] pairs_test.part020.npz: 167722 pairs (413s)
[stage2] pairs_test.part021.npz: 167651 pairs (432s)
[stage2] pairs_test.part022.npz: 167109 pairs (451s)
[stage2] pairs_test.part023.npz: 167313 pairs (470s)
[stage2] pairs_test.part024.npz: 167153 pairs (492s)
[stage2] pairs_test.part025.npz: 167465 pairs (512s)
[stage2] pairs_test.part026.npz: 167776 pairs (531s)
[stage2] pairs_test.part027.npz: 166905 pairs (550s)
[stage2] pairs_test.part028.npz: 167054 pairs (570s)
[stage2] pairs_test.part029.npz: 167586 pairs (589s)
[stage2] pairs_test.part030.npz: 167487 pairs (609s)
[stage2] pairs_test.part031.npz: 167788 pairs (628s)
[stage2] pairs_test.part032.npz: 167637 pairs (647s)
[stage2] pairs_test.part033.npz: 167550 pairs (667s)
[stage2] pairs_test.part034.npz: 167523 pairs (686s)
[stage2] pairs_test.part035.npz: 167349 pairs (705s)
[stage2] pairs_test.part036.npz: 167459 pairs (725s)
[stage2] pairs_test.part037.npz: 176185 pairs (742s)
[stage2] pairs_test.part038.npz: 175709 pairs (758s)
[stage2] pairs_test.part039.npz: 176014 pairs (775s)
[stage2] pairs_test.part040.npz: 176116 pairs (792s)
[stage2] pairs_test.part041.npz: 176013 pairs (809s)
[stage2] pairs_test.part042.npz: 175671 pairs (825s)
[stage2] pairs_test.part043.npz: 175856 pairs (842s)
[stage2] pairs_test.part044.npz: 175579 pairs (858s)
[stage2] pairs_test.part045.npz: 175999 pairs (876s)
[stage2] pairs_test.part046.npz: 175814 pairs (893s)
[stage2] pairs_test.part047.npz: 176232 pairs (910s)
[stage2] pairs_test.part048.npz: 176073 pairs (926s)
[stage2] pairs_test.part049.npz: 176041 pairs (942s)
[stage2] pairs_test.part050.npz: 176421 pairs (959s)
[stage2] pairs_test.part051.npz: 175532 pairs (975s)
[stage2] pairs_test.part052.npz: 176217 pairs (992s)
[stage2] pairs_test.part053.npz: 175995 pairs (1008s)
[stage2] pairs_test.part054.npz: 176853 pairs (1025s)
[stage2] pairs_test.part055.npz: 176802 pairs (1042s)
[stage2] pairs_test.part056.npz: 175597 pairs (1058s)
[stage2] pairs_test.part057.npz: 176173 pairs (1075s)
[stage2] pairs_test.part058.npz: 164308 pairs (1090s)
[stage2] France: threshold 0.650, lambda 0.1 (UNSEEN -> conservative)
[stage2] India: threshold 0.650, lambda 0.1 (learned)
[stage2] US: threshold 0.650, lambda 0.35 (learned)
[stage2] method ef: 5703032 links, 100748 empty -> work/stageD/matching_results.tsv (1367s)
[stage2] candidate set -> work/stageD/candidate_pairs.tsv
