[stage2] texts loaded (28s)
[stage2] pairs_test.part008.npz: 44896 pairs (33s)
[stage2] pairs_test.part009.npz: 167592 pairs (47s)
[stage2] pairs_test.part010.npz: 168004 pairs (62s)
[stage2] pairs_test.part011.npz: 167958 pairs (77s)
[stage2] pairs_test.part012.npz: 167151 pairs (93s)
[stage2] pairs_test.part013.npz: 167729 pairs (109s)
[stage2] pairs_test.part014.npz: 167594 pairs (125s)
[stage2] pairs_test.part015.npz: 167079 pairs (142s)
[stage2] pairs_test.part016.npz: 166536 pairs (159s)
[stage2] pairs_test.part017.npz: 168218 pairs (175s)
[stage2] pairs_test.part018.npz: 167844 pairs (191s)
[stage2] pairs_test.part019.npz: 166911 pairs (207s)
[stage2] pairs_test.part020.npz: 167722 pairs (224s)
[stage2] pairs_test.part021.npz: 167651 pairs (242s)
[stage2] pairs_test.part022.npz: 167109 pairs (264s)
[stage2] pairs_test.part023.npz: 167313 pairs (282s)
[stage2] pairs_test.part024.npz: 167153 pairs (299s)
[stage2] pairs_test.part025.npz: 167465 pairs (318s)
[stage2] pairs_test.part026.npz: 167776 pairs (336s)
[stage2] pairs_test.part027.npz: 166905 pairs (354s)
[stage2] pairs_test.part028.npz: 167054 pairs (373s)
[stage2] pairs_test.part029.npz: 167586 pairs (395s)
[stage2] pairs_test.part030.npz: 167487 pairs (423s)
[stage2] pairs_test.part031.npz: 167788 pairs (448s)
[stage2] pairs_test.part032.npz: 167637 pairs (470s)
[stage2] pairs_test.part033.npz: 167550 pairs (493s)
[stage2] pairs_test.part034.npz: 167523 pairs (515s)
[stage2] pairs_test.part035.npz: 167349 pairs (538s)
[stage2] pairs_test.part036.npz: 167459 pairs (561s)
[stage2] pairs_test.part037.npz: 176185 pairs (583s)
[stage2] pairs_test.part038.npz: 175709 pairs (604s)
[stage2] pairs_test.part039.npz: 176014 pairs (627s)
[stage2] pairs_test.part040.npz: 176116 pairs (654s)
[stage2] pairs_test.part041.npz: 176013 pairs (685s)
[stage2] pairs_test.part042.npz: 175671 pairs (718s)
[stage2] pairs_test.part043.npz: 175856 pairs (749s)
[stage2] pairs_test.part044.npz: 175579 pairs (782s)
[stage2] pairs_test.part045.npz: 175999 pairs (816s)
[stage2] pairs_test.part046.npz: 175814 pairs (844s)
[stage2] pairs_test.part047.npz: 176232 pairs (870s)
[stage2] pairs_test.part048.npz: 176073 pairs (896s)
[stage2] pairs_test.part049.npz: 176041 pairs (924s)
[stage2] pairs_test.part050.npz: 176421 pairs (952s)
[stage2] pairs_test.part051.npz: 175532 pairs (975s)
[stage2] pairs_test.part052.npz: 176217 pairs (1001s)
[stage2] pairs_test.part053.npz: 175995 pairs (1030s)
[stage2] pairs_test.part054.npz: 176853 pairs (1051s)
[stage2] pairs_test.part055.npz: 176802 pairs (1069s)
[stage2] pairs_test.part056.npz: 175597 pairs (1089s)
[stage2] pairs_test.part057.npz: 176173 pairs (1108s)
[stage2] pairs_test.part058.npz: 164308 pairs (1125s)
[stage2] pairs_fr.part000.npz: 174994 pairs (1145s)
[stage2] pairs_fr.part001.npz: 174431 pairs (1168s)
[stage2] pairs_fr.part002.npz: 175355 pairs (1188s)
[stage2] pairs_fr.part003.npz: 175555 pairs (1207s)
[stage2] pairs_fr.part004.npz: 175155 pairs (1227s)
[stage2] pairs_fr.part005.npz: 174775 pairs (1250s)
[stage2] pairs_fr.part006.npz: 174885 pairs (1270s)
[stage2] pairs_fr.part007.npz: 174934 pairs (1293s)
[stage2] pairs_fr.part008.npz: 129096 pairs (1314s)
[stage2] France: threshold 0.825, lambda 0.35 (UNSEEN -> conservative)
[stage2] India: threshold 0.725, lambda 0.35 (learned)
[stage2] US: threshold 0.825, lambda 0.35 (learned)
[stage2] method threshold: 5733478 links, 108049 empty -> work/stage2B/matching_results.tsv (1354s)
[stage2] candidate set -> work/stage2B/candidate_pairs.tsv
